C:\Users\n0l08i7\.code-puppy-venv\Lib\site-packages\pydantic\_internal\_config.py:383: UserWarning: Valid config keys have changed in V2:
* 'schema_extra' has been renamed to 'json_schema_extra'
  warnings.warn(message, UserWarning)
2025-12-08 10:48:57,238 - backend.app - INFO - Initializing Supplier Generator...
2025-12-08 10:48:57,317 - backend.app - INFO - Generated 5000 suppliers
INFO:     Started server process [37884]
INFO:     Waiting for application startup.
2025-12-08 10:48:57,326 - backend.app - INFO - API startup complete
2025-12-08 10:48:57,326 - backend.app - INFO - Loaded 5000 suppliers
INFO:     Application startup complete.
ERROR:    [Errno 10048] error while attempting to bind on address ('127.0.0.1', 8000): [winerror 10048] only one usage of each socket address (protocol/network address/port) is normally permitted
INFO:     Waiting for application shutdown.
2025-12-08 10:48:57,338 - backend.app - INFO - API shutdown
INFO:     Application shutdown complete.
